hello@hello-Extensa-215-51:~$ cd Desktop/bootcamp/week4
hello@hello-Extensa-215-51:~/Desktop/bootcamp/week4$ ls
day16  day17  day18  day19
hello@hello-Extensa-215-51:~/Desktop/bootcamp/week4$ cd day19
hello@hello-Extensa-215-51:~/Desktop/bootcamp/week4/day19$ ls
111  parsing_project
hello@hello-Extensa-215-51:~/Desktop/bootcamp/week4/day19$ cd parsing_project/
hello@hello-Extensa-215-51:~/Desktop/bootcamp/week4/day19/parsing_project$ ls
parsing.py
hello@hello-Extensa-215-51:~/Desktop/bootcamp/week4/day19/parsing_project$ python3 -m venv my_venv
The virtual environment was not created successfully because ensurepip is not
available.  On Debian/Ubuntu systems, you need to install the python3-venv
package using the following command.

    apt install python3.8-venv

You may need to use sudo with that command.  After installing the python3-venv
package, recreate your virtual environment.

Failing command: ['/home/hello/Desktop/bootcamp/week4/day19/parsing_project/my_venv/bin/python3', '-Im', 'ensurepip', '--upgrade', '--default-pip']

hello@hello-Extensa-215-51:~/Desktop/bootcamp/week4/day19/parsing_project$ apt install python3.8-venv
E: Could not open lock file /var/lib/dpkg/lock-frontend - open (13: Permission denied)
E: Unable to acquire the dpkg frontend lock (/var/lib/dpkg/lock-frontend), are you root?
hello@hello-Extensa-215-51:~/Desktop/bootcamp/week4/day19/parsing_project$ 
hello@hello-Extensa-215-51:~/Desktop/bootcamp/week4/day19/parsing_project$ sudo apt^C
hello@hello-Extensa-215-51:~/Desktop/bootcamp/week4/day19/parsing_project$ sudo apt install python3.8-venv
[sudo] password for hello: 
Reading package lists... Done
Building dependency tree       
Reading state information... Done
The following packages were automatically installed and are no longer required:
  libllvm11 linux-headers-5.11.0-27-generic linux-hwe-5.11-headers-5.11.0-27 linux-image-5.11.0-27-generic
  linux-modules-5.11.0-27-generic linux-modules-extra-5.11.0-27-generic
Use 'sudo apt autoremove' to remove them.
The following additional packages will be installed:
  python-pip-whl python3-distutils
The following NEW packages will be installed:
  python-pip-whl python3-distutils python3.8-venv
0 upgraded, 3 newly installed, 0 to remove and 21 not upgraded.
Need to get 1 952 kB of archives.
After this operation, 3 735 kB of additional disk space will be used.
Do you want to continue? [Y/n] y
Get:1 http://kg.archive.ubuntu.com/ubuntu focal-updates/universe amd64 python-pip-whl all 20.0.2-5ubuntu1.6 [1 805 kB]
Get:2 http://kg.archive.ubuntu.com/ubuntu focal-updates/main amd64 python3-distutils all 3.8.10-0ubuntu1~20.04 [141 kB]
Get:3 http://kg.archive.ubuntu.com/ubuntu focal-updates/universe amd64 python3.8-venv amd64 3.8.10-0ubuntu1~20.04 [5 456 B]
Fetched 1 952 kB in 5s (422 kB/s)              
Selecting previously unselected package python-pip-whl.
(Reading database ... 229346 files and directories currently installed.)
Preparing to unpack .../python-pip-whl_20.0.2-5ubuntu1.6_all.deb ...
Unpacking python-pip-whl (20.0.2-5ubuntu1.6) ...
Selecting previously unselected package python3-distutils.
Preparing to unpack .../python3-distutils_3.8.10-0ubuntu1~20.04_all.deb ...
Unpacking python3-distutils (3.8.10-0ubuntu1~20.04) ...
Selecting previously unselected package python3.8-venv.
Preparing to unpack .../python3.8-venv_3.8.10-0ubuntu1~20.04_amd64.deb ...
Unpacking python3.8-venv (3.8.10-0ubuntu1~20.04) ...
Setting up python3-distutils (3.8.10-0ubuntu1~20.04) ...
Setting up python-pip-whl (20.0.2-5ubuntu1.6) ...
Setting up python3.8-venv (3.8.10-0ubuntu1~20.04) ...
hello@hello-Extensa-215-51:~/Desktop/bootcamp/week4/day19/parsing_project$ ls
my_venv  parsing.py
hello@hello-Extensa-215-51:~/Desktop/bootcamp/week4/day19/parsing_project$ cd -
/home/hello/Desktop/bootcamp/week4/day19
hello@hello-Extensa-215-51:~/Desktop/bootcamp/week4/day19$ cd parsing_project/
hello@hello-Extensa-215-51:~/Desktop/bootcamp/week4/day19/parsing_project$ sudo apt install python3.8-venv
Reading package lists... Done
Building dependency tree       
Reading state information... Done
python3.8-venv is already the newest version (3.8.10-0ubuntu1~20.04).
The following packages were automatically installed and are no longer required:
  libllvm11 linux-headers-5.11.0-27-generic linux-hwe-5.11-headers-5.11.0-27 linux-image-5.11.0-27-generic
  linux-modules-5.11.0-27-generic linux-modules-extra-5.11.0-27-generic
Use 'sudo apt autoremove' to remove them.
0 upgraded, 0 newly installed, 0 to remove and 21 not upgraded.
hello@hello-Extensa-215-51:~/Desktop/bootcamp/week4/day19/parsing_project$ ls
parsing.py
hello@hello-Extensa-215-51:~/Desktop/bootcamp/week4/day19/parsing_project$ python3 -m venv venv
hello@hello-Extensa-215-51:~/Desktop/bootcamp/week4/day19/parsing_project$ ls
parsing.py  venv
hello@hello-Extensa-215-51:~/Desktop/bootcamp/week4/day19/parsing_project$ cd venv/bin
hello@hello-Extensa-215-51:~/Desktop/bootcamp/week4/day19/parsing_project/venv/bin$ ls
activate  activate.csh  activate.fish  Activate.ps1  easy_install  easy_install-3.8  pip  pip3  pip3.8  python  python3
hello@hello-Extensa-215-51:~/Desktop/bootcamp/week4/day19/parsing_project/venv/bin$ cd ..
hello@hello-Extensa-215-51:~/Desktop/bootcamp/week4/day19/parsing_project/venv$ ls
bin  include  lib  lib64  pyvenv.cfg  share
hello@hello-Extensa-215-51:~/Desktop/bootcamp/week4/day19/parsing_project/venv$ cd ..
hello@hello-Extensa-215-51:~/Desktop/bootcamp/week4/day19/parsing_project$ ls
parsing.py  venv
hello@hello-Extensa-215-51:~/Desktop/bootcamp/week4/day19/parsing_project$ source venv/bin/activate
(venv) hello@hello-Extensa-215-51:~/Desktop/bootcamp/week4/day19/parsing_project$ pip install beautifulsoup4
Collecting beautifulsoup4
  Downloading beautifulsoup4-4.10.0-py3-none-any.whl (97 kB)
     |████████████████████████████████| 97 kB 422 kB/s 
Collecting soupsieve>1.2
  Downloading soupsieve-2.2.1-py3-none-any.whl (33 kB)
Installing collected packages: soupsieve, beautifulsoup4
Successfully installed beautifulsoup4-4.10.0 soupsieve-2.2.1
(venv) hello@hello-Extensa-215-51:~/Desktop/bootcamp/week4/day19/parsing_project$ pip install requests
Collecting requests
  Downloading requests-2.26.0-py2.py3-none-any.whl (62 kB)
     |████████████████████████████████| 62 kB 405 kB/s 
Collecting certifi>=2017.4.17
  Downloading certifi-2021.5.30-py2.py3-none-any.whl (145 kB)
     |████████████████████████████████| 145 kB 950 kB/s 
Collecting idna<4,>=2.5; python_version >= "3"
  Downloading idna-3.2-py3-none-any.whl (59 kB)
     |████████████████████████████████| 59 kB 2.8 MB/s 
Collecting urllib3<1.27,>=1.21.1
  Downloading urllib3-1.26.7-py2.py3-none-any.whl (138 kB)
     |████████████████████████████████| 138 kB 4.3 MB/s 
Collecting charset-normalizer~=2.0.0; python_version >= "3"
  Downloading charset_normalizer-2.0.6-py3-none-any.whl (37 kB)
Installing collected packages: certifi, idna, urllib3, charset-normalizer, requests
Successfully installed certifi-2021.5.30 charset-normalizer-2.0.6 idna-3.2 requests-2.26.0 urllib3-1.26.7
(venv) hello@hello-Extensa-215-51:~/Desktop/bootcamp/week4/day19/parsing_project$ pip install lxml
Collecting lxml
  Downloading lxml-4.6.3-cp38-cp38-manylinux2014_x86_64.whl (6.8 MB)
     |████████████████████████████████| 6.8 MB 5.4 MB/s 
Installing collected packages: lxml
Successfully installed lxml-4.6.3
(venv) hello@hello-Extensa-215-51:~/Desktop/bootcamp/week4/day19/parsing_project$ pip freeze
beautifulsoup4==4.10.0
certifi==2021.5.30
charset-normalizer==2.0.6
idna==3.2
lxml==4.6.3
requests==2.26.0
soupsieve==2.2.1
urllib3==1.26.7
(venv) hello@hello-Extensa-215-51:~/Desktop/bootcamp/week4/day19/parsing_project$ deactivate
hello@hello-Extensa-215-51:~/Desktop/bootcamp/week4/day19/parsing_project$ pip3 freeze

Command 'pip3' not found, but can be installed with:

sudo apt install python3-pip

hello@hello-Extensa-215-51:~/Desktop/bootcamp/week4/day19/parsing_project$ pip freeze

Command 'pip' not found, but there are 18 similar ones.

hello@hello-Extensa-215-51:~/Desktop/bootcamp/week4/day19/parsing_project$ sudo apt install python3-pip
Reading package lists... Done
Building dependency tree       
Reading state information... Done
The following packages were automatically installed and are no longer required:
  libllvm11 linux-headers-5.11.0-27-generic linux-hwe-5.11-headers-5.11.0-27 linux-image-5.11.0-27-generic linux-modules-5.11.0-27-generic
  linux-modules-extra-5.11.0-27-generic
Use 'sudo apt autoremove' to remove them.
The following additional packages will be installed:
  binutils binutils-common binutils-x86-64-linux-gnu build-essential dpkg-dev fakeroot g++ g++-9 gcc gcc-9 libalgorithm-diff-perl libalgorithm-diff-xs-perl
  libalgorithm-merge-perl libasan5 libatomic1 libbinutils libc-dev-bin libc6-dev libcrypt-dev libctf-nobfd0 libctf0 libexpat1-dev libfakeroot libgcc-9-dev
  libitm1 liblsan0 libpython3-dev libpython3.8-dev libquadmath0 libstdc++-9-dev libtsan0 libubsan1 linux-libc-dev make manpages-dev python3-dev
  python3-setuptools python3-wheel python3.8-dev zlib1g-dev
Suggested packages:
  binutils-doc debian-keyring g++-multilib g++-9-multilib gcc-9-doc gcc-multilib autoconf automake libtool flex bison gcc-doc gcc-9-multilib gcc-9-locales
  glibc-doc libstdc++-9-doc make-doc python-setuptools-doc
The following NEW packages will be installed:
  binutils binutils-common binutils-x86-64-linux-gnu build-essential dpkg-dev fakeroot g++ g++-9 gcc gcc-9 libalgorithm-diff-perl libalgorithm-diff-xs-perl
  libalgorithm-merge-perl libasan5 libatomic1 libbinutils libc-dev-bin libc6-dev libcrypt-dev libctf-nobfd0 libctf0 libexpat1-dev libfakeroot libgcc-9-dev
  libitm1 liblsan0 libpython3-dev libpython3.8-dev libquadmath0 libstdc++-9-dev libtsan0 libubsan1 linux-libc-dev make manpages-dev python3-dev python3-pip
  python3-setuptools python3-wheel python3.8-dev zlib1g-dev
0 upgraded, 41 newly installed, 0 to remove and 21 not upgraded.
Need to get 39,7 MB of archives.
After this operation, 181 MB of additional disk space will be used.
Do you want to continue? [Y/n] y
Get:1 http://kg.archive.ubuntu.com/ubuntu focal-updates/main amd64 binutils-common amd64 2.34-6ubuntu1.1 [207 kB]
Get:2 http://kg.archive.ubuntu.com/ubuntu focal-updates/main amd64 libbinutils amd64 2.34-6ubuntu1.1 [475 kB]
Get:3 http://kg.archive.ubuntu.com/ubuntu focal-updates/main amd64 libctf-nobfd0 amd64 2.34-6ubuntu1.1 [47,1 kB]
Get:4 http://kg.archive.ubuntu.com/ubuntu focal-updates/main amd64 libctf0 amd64 2.34-6ubuntu1.1 [46,6 kB]
Get:5 http://kg.archive.ubuntu.com/ubuntu focal-updates/main amd64 binutils-x86-64-linux-gnu amd64 2.34-6ubuntu1.1 [1 613 kB]
Get:6 http://kg.archive.ubuntu.com/ubuntu focal-updates/main amd64 binutils amd64 2.34-6ubuntu1.1 [3 380 B]
Get:7 http://kg.archive.ubuntu.com/ubuntu focal-updates/main amd64 libc-dev-bin amd64 2.31-0ubuntu9.2 [71,8 kB]
Get:8 http://kg.archive.ubuntu.com/ubuntu focal-updates/main amd64 linux-libc-dev amd64 5.4.0-88.99 [1 116 kB]
Get:9 http://kg.archive.ubuntu.com/ubuntu focal/main amd64 libcrypt-dev amd64 1:4.4.10-10ubuntu4 [104 kB]
Get:10 http://kg.archive.ubuntu.com/ubuntu focal-updates/main amd64 libc6-dev amd64 2.31-0ubuntu9.2 [2 520 kB]
Get:11 http://kg.archive.ubuntu.com/ubuntu focal-updates/main amd64 libitm1 amd64 10.3.0-1ubuntu1~20.04 [26,2 kB]
Get:12 http://kg.archive.ubuntu.com/ubuntu focal-updates/main amd64 libatomic1 amd64 10.3.0-1ubuntu1~20.04 [9 284 B]
Get:13 http://kg.archive.ubuntu.com/ubuntu focal-updates/main amd64 libasan5 amd64 9.3.0-17ubuntu1~20.04 [394 kB]
Get:14 http://kg.archive.ubuntu.com/ubuntu focal-updates/main amd64 liblsan0 amd64 10.3.0-1ubuntu1~20.04 [835 kB]
Get:15 http://kg.archive.ubuntu.com/ubuntu focal-updates/main amd64 libtsan0 amd64 10.3.0-1ubuntu1~20.04 [2 009 kB]                                               
Get:16 http://kg.archive.ubuntu.com/ubuntu focal-updates/main amd64 libubsan1 amd64 10.3.0-1ubuntu1~20.04 [784 kB]                                                
Get:17 http://kg.archive.ubuntu.com/ubuntu focal-updates/main amd64 libquadmath0 amd64 10.3.0-1ubuntu1~20.04 [146 kB]                                             
Get:18 http://kg.archive.ubuntu.com/ubuntu focal-updates/main amd64 libgcc-9-dev amd64 9.3.0-17ubuntu1~20.04 [2 360 kB]                                           
Get:19 http://kg.archive.ubuntu.com/ubuntu focal-updates/main amd64 gcc-9 amd64 9.3.0-17ubuntu1~20.04 [8 241 kB]                                                  
Get:20 http://kg.archive.ubuntu.com/ubuntu focal/main amd64 gcc amd64 4:9.3.0-1ubuntu2 [5 208 B]                                                                  
Get:21 http://kg.archive.ubuntu.com/ubuntu focal-updates/main amd64 libstdc++-9-dev amd64 9.3.0-17ubuntu1~20.04 [1 714 kB]                                        
Get:22 http://kg.archive.ubuntu.com/ubuntu focal-updates/main amd64 g++-9 amd64 9.3.0-17ubuntu1~20.04 [8 405 kB]                                                  
Get:23 http://kg.archive.ubuntu.com/ubuntu focal/main amd64 g++ amd64 4:9.3.0-1ubuntu2 [1 604 B]                                                                  
Get:24 http://kg.archive.ubuntu.com/ubuntu focal/main amd64 make amd64 4.2.1-1.2 [162 kB]                                                                         
Get:25 http://kg.archive.ubuntu.com/ubuntu focal/main amd64 dpkg-dev all 1.19.7ubuntu3 [679 kB]                                                                   
Get:26 http://kg.archive.ubuntu.com/ubuntu focal-updates/main amd64 build-essential amd64 12.8ubuntu1.1 [4 664 B]                                                 
Get:27 http://kg.archive.ubuntu.com/ubuntu focal/main amd64 libfakeroot amd64 1.24-1 [25,7 kB]                                                                    
Get:28 http://kg.archive.ubuntu.com/ubuntu focal/main amd64 fakeroot amd64 1.24-1 [62,6 kB]                                                                       
Get:29 http://kg.archive.ubuntu.com/ubuntu focal/main amd64 libalgorithm-diff-perl all 1.19.03-2 [46,6 kB]                                                        
Get:30 http://kg.archive.ubuntu.com/ubuntu focal/main amd64 libalgorithm-diff-xs-perl amd64 0.04-6 [11,3 kB]                                                      
Get:31 http://kg.archive.ubuntu.com/ubuntu focal/main amd64 libalgorithm-merge-perl all 0.08-3 [12,0 kB]                                                          
Get:32 http://kg.archive.ubuntu.com/ubuntu focal/main amd64 libexpat1-dev amd64 2.2.9-1build1 [116 kB]                                                            
Get:33 http://kg.archive.ubuntu.com/ubuntu focal-updates/main amd64 libpython3.8-dev amd64 3.8.10-0ubuntu1~20.04 [3 943 kB]                                       
Get:34 http://kg.archive.ubuntu.com/ubuntu focal/main amd64 libpython3-dev amd64 3.8.2-0ubuntu2 [7 236 B]                                                         
Get:35 http://kg.archive.ubuntu.com/ubuntu focal/main amd64 manpages-dev all 5.05-1 [2 266 kB]                                                                    
Get:36 http://kg.archive.ubuntu.com/ubuntu focal-updates/main amd64 zlib1g-dev amd64 1:1.2.11.dfsg-2ubuntu1.2 [155 kB]                                            
Get:37 http://kg.archive.ubuntu.com/ubuntu focal-updates/main amd64 python3.8-dev amd64 3.8.10-0ubuntu1~20.04 [510 kB]                                            
Get:38 http://kg.archive.ubuntu.com/ubuntu focal/main amd64 python3-dev amd64 3.8.2-0ubuntu2 [1 212 B]                                                            
Get:39 http://kg.archive.ubuntu.com/ubuntu focal/main amd64 python3-setuptools all 45.2.0-1 [330 kB]                                                              
Get:40 http://kg.archive.ubuntu.com/ubuntu focal/universe amd64 python3-wheel all 0.34.2-1 [23,8 kB]                                                              
Get:41 http://kg.archive.ubuntu.com/ubuntu focal-updates/universe amd64 python3-pip all 20.0.2-5ubuntu1.6 [231 kB]                                                
Fetched 39,7 MB in 13s (3 160 kB/s)                                                                                                                               
Extracting templates from packages: 100%
Selecting previously unselected package binutils-common:amd64.
(Reading database ... 229493 files and directories currently installed.)
Preparing to unpack .../00-binutils-common_2.34-6ubuntu1.1_amd64.deb ...
Unpacking binutils-common:amd64 (2.34-6ubuntu1.1) ...
Selecting previously unselected package libbinutils:amd64.
Preparing to unpack .../01-libbinutils_2.34-6ubuntu1.1_amd64.deb ...
Unpacking libbinutils:amd64 (2.34-6ubuntu1.1) ...
Selecting previously unselected package libctf-nobfd0:amd64.
Preparing to unpack .../02-libctf-nobfd0_2.34-6ubuntu1.1_amd64.deb ...
Unpacking libctf-nobfd0:amd64 (2.34-6ubuntu1.1) ...
Selecting previously unselected package libctf0:amd64.
Preparing to unpack .../03-libctf0_2.34-6ubuntu1.1_amd64.deb ...
Unpacking libctf0:amd64 (2.34-6ubuntu1.1) ...
Selecting previously unselected package binutils-x86-64-linux-gnu.
Preparing to unpack .../04-binutils-x86-64-linux-gnu_2.34-6ubuntu1.1_amd64.deb ...
Unpacking binutils-x86-64-linux-gnu (2.34-6ubuntu1.1) ...
Selecting previously unselected package binutils.
Preparing to unpack .../05-binutils_2.34-6ubuntu1.1_amd64.deb ...
Unpacking binutils (2.34-6ubuntu1.1) ...
Selecting previously unselected package libc-dev-bin.
Preparing to unpack .../06-libc-dev-bin_2.31-0ubuntu9.2_amd64.deb ...
Unpacking libc-dev-bin (2.31-0ubuntu9.2) ...
Selecting previously unselected package linux-libc-dev:amd64.
Preparing to unpack .../07-linux-libc-dev_5.4.0-88.99_amd64.deb ...
Unpacking linux-libc-dev:amd64 (5.4.0-88.99) ...
Selecting previously unselected package libcrypt-dev:amd64.
Preparing to unpack .../08-libcrypt-dev_1%3a4.4.10-10ubuntu4_amd64.deb ...
Unpacking libcrypt-dev:amd64 (1:4.4.10-10ubuntu4) ...
Selecting previously unselected package libc6-dev:amd64.
Preparing to unpack .../09-libc6-dev_2.31-0ubuntu9.2_amd64.deb ...
Unpacking libc6-dev:amd64 (2.31-0ubuntu9.2) ...
Selecting previously unselected package libitm1:amd64.
Preparing to unpack .../10-libitm1_10.3.0-1ubuntu1~20.04_amd64.deb ...
Unpacking libitm1:amd64 (10.3.0-1ubuntu1~20.04) ...
Selecting previously unselected package libatomic1:amd64.
Preparing to unpack .../11-libatomic1_10.3.0-1ubuntu1~20.04_amd64.deb ...
Unpacking libatomic1:amd64 (10.3.0-1ubuntu1~20.04) ...
Selecting previously unselected package libasan5:amd64.
Preparing to unpack .../12-libasan5_9.3.0-17ubuntu1~20.04_amd64.deb ...
Unpacking libasan5:amd64 (9.3.0-17ubuntu1~20.04) ...
Selecting previously unselected package liblsan0:amd64.
Preparing to unpack .../13-liblsan0_10.3.0-1ubuntu1~20.04_amd64.deb ...
Unpacking liblsan0:amd64 (10.3.0-1ubuntu1~20.04) ...
Selecting previously unselected package libtsan0:amd64.
Preparing to unpack .../14-libtsan0_10.3.0-1ubuntu1~20.04_amd64.deb ...
Unpacking libtsan0:amd64 (10.3.0-1ubuntu1~20.04) ...
Selecting previously unselected package libubsan1:amd64.
Preparing to unpack .../15-libubsan1_10.3.0-1ubuntu1~20.04_amd64.deb ...
Unpacking libubsan1:amd64 (10.3.0-1ubuntu1~20.04) ...
Selecting previously unselected package libquadmath0:amd64.
Preparing to unpack .../16-libquadmath0_10.3.0-1ubuntu1~20.04_amd64.deb ...
Unpacking libquadmath0:amd64 (10.3.0-1ubuntu1~20.04) ...
Selecting previously unselected package libgcc-9-dev:amd64.
Preparing to unpack .../17-libgcc-9-dev_9.3.0-17ubuntu1~20.04_amd64.deb ...
Unpacking libgcc-9-dev:amd64 (9.3.0-17ubuntu1~20.04) ...
Selecting previously unselected package gcc-9.
Preparing to unpack .../18-gcc-9_9.3.0-17ubuntu1~20.04_amd64.deb ...
Unpacking gcc-9 (9.3.0-17ubuntu1~20.04) ...
Selecting previously unselected package gcc.
Preparing to unpack .../19-gcc_4%3a9.3.0-1ubuntu2_amd64.deb ...
Unpacking gcc (4:9.3.0-1ubuntu2) ...
Selecting previously unselected package libstdc++-9-dev:amd64.
Preparing to unpack .../20-libstdc++-9-dev_9.3.0-17ubuntu1~20.04_amd64.deb ...
Unpacking libstdc++-9-dev:amd64 (9.3.0-17ubuntu1~20.04) ...
Selecting previously unselected package g++-9.
Preparing to unpack .../21-g++-9_9.3.0-17ubuntu1~20.04_amd64.deb ...
Unpacking g++-9 (9.3.0-17ubuntu1~20.04) ...
Selecting previously unselected package g++.
Preparing to unpack .../22-g++_4%3a9.3.0-1ubuntu2_amd64.deb ...
Unpacking g++ (4:9.3.0-1ubuntu2) ...
Selecting previously unselected package make.
Preparing to unpack .../23-make_4.2.1-1.2_amd64.deb ...
Unpacking make (4.2.1-1.2) ...
Selecting previously unselected package dpkg-dev.
Preparing to unpack .../24-dpkg-dev_1.19.7ubuntu3_all.deb ...
Unpacking dpkg-dev (1.19.7ubuntu3) ...
Selecting previously unselected package build-essential.
Preparing to unpack .../25-build-essential_12.8ubuntu1.1_amd64.deb ...
Unpacking build-essential (12.8ubuntu1.1) ...
Selecting previously unselected package libfakeroot:amd64.
Preparing to unpack .../26-libfakeroot_1.24-1_amd64.deb ...
Unpacking libfakeroot:amd64 (1.24-1) ...
Selecting previously unselected package fakeroot.
Preparing to unpack .../27-fakeroot_1.24-1_amd64.deb ...
Unpacking fakeroot (1.24-1) ...
Selecting previously unselected package libalgorithm-diff-perl.
Preparing to unpack .../28-libalgorithm-diff-perl_1.19.03-2_all.deb ...
Unpacking libalgorithm-diff-perl (1.19.03-2) ...
Selecting previously unselected package libalgorithm-diff-xs-perl.
Preparing to unpack .../29-libalgorithm-diff-xs-perl_0.04-6_amd64.deb ...
Unpacking libalgorithm-diff-xs-perl (0.04-6) ...
Selecting previously unselected package libalgorithm-merge-perl.
Preparing to unpack .../30-libalgorithm-merge-perl_0.08-3_all.deb ...
Unpacking libalgorithm-merge-perl (0.08-3) ...
Selecting previously unselected package libexpat1-dev:amd64.
Preparing to unpack .../31-libexpat1-dev_2.2.9-1build1_amd64.deb ...
Unpacking libexpat1-dev:amd64 (2.2.9-1build1) ...
Selecting previously unselected package libpython3.8-dev:amd64.
Preparing to unpack .../32-libpython3.8-dev_3.8.10-0ubuntu1~20.04_amd64.deb ...
Unpacking libpython3.8-dev:amd64 (3.8.10-0ubuntu1~20.04) ...
Selecting previously unselected package libpython3-dev:amd64.
Preparing to unpack .../33-libpython3-dev_3.8.2-0ubuntu2_amd64.deb ...
Unpacking libpython3-dev:amd64 (3.8.2-0ubuntu2) ...
Selecting previously unselected package manpages-dev.
Preparing to unpack .../34-manpages-dev_5.05-1_all.deb ...
Unpacking manpages-dev (5.05-1) ...
Selecting previously unselected package zlib1g-dev:amd64.
Preparing to unpack .../35-zlib1g-dev_1%3a1.2.11.dfsg-2ubuntu1.2_amd64.deb ...
Unpacking zlib1g-dev:amd64 (1:1.2.11.dfsg-2ubuntu1.2) ...
Selecting previously unselected package python3.8-dev.
Preparing to unpack .../36-python3.8-dev_3.8.10-0ubuntu1~20.04_amd64.deb ...
Unpacking python3.8-dev (3.8.10-0ubuntu1~20.04) ...
Selecting previously unselected package python3-dev.
Preparing to unpack .../37-python3-dev_3.8.2-0ubuntu2_amd64.deb ...
Unpacking python3-dev (3.8.2-0ubuntu2) ...
Selecting previously unselected package python3-setuptools.
Preparing to unpack .../38-python3-setuptools_45.2.0-1_all.deb ...
Unpacking python3-setuptools (45.2.0-1) ...
Selecting previously unselected package python3-wheel.
Preparing to unpack .../39-python3-wheel_0.34.2-1_all.deb ...
Unpacking python3-wheel (0.34.2-1) ...
Selecting previously unselected package python3-pip.
Preparing to unpack .../40-python3-pip_20.0.2-5ubuntu1.6_all.deb ...
Unpacking python3-pip (20.0.2-5ubuntu1.6) ...
Setting up manpages-dev (5.05-1) ...
Setting up python3-setuptools (45.2.0-1) ...
Setting up libalgorithm-diff-perl (1.19.03-2) ...
Setting up binutils-common:amd64 (2.34-6ubuntu1.1) ...
Setting up linux-libc-dev:amd64 (5.4.0-88.99) ...
Setting up libctf-nobfd0:amd64 (2.34-6ubuntu1.1) ...
Setting up python3-wheel (0.34.2-1) ...
Setting up libfakeroot:amd64 (1.24-1) ...
Setting up fakeroot (1.24-1) ...
update-alternatives: using /usr/bin/fakeroot-sysv to provide /usr/bin/fakeroot (fakeroot) in auto mode
Setting up libasan5:amd64 (9.3.0-17ubuntu1~20.04) ...
Setting up make (4.2.1-1.2) ...
Setting up libquadmath0:amd64 (10.3.0-1ubuntu1~20.04) ...
Setting up libatomic1:amd64 (10.3.0-1ubuntu1~20.04) ...
Setting up python3-pip (20.0.2-5ubuntu1.6) ...
Setting up libubsan1:amd64 (10.3.0-1ubuntu1~20.04) ...
Setting up libcrypt-dev:amd64 (1:4.4.10-10ubuntu4) ...
Setting up libbinutils:amd64 (2.34-6ubuntu1.1) ...
Setting up libc-dev-bin (2.31-0ubuntu9.2) ...
Setting up libalgorithm-diff-xs-perl (0.04-6) ...
Setting up liblsan0:amd64 (10.3.0-1ubuntu1~20.04) ...
Setting up libitm1:amd64 (10.3.0-1ubuntu1~20.04) ...
Setting up libalgorithm-merge-perl (0.08-3) ...
Setting up libtsan0:amd64 (10.3.0-1ubuntu1~20.04) ...
Setting up libctf0:amd64 (2.34-6ubuntu1.1) ...
Setting up libgcc-9-dev:amd64 (9.3.0-17ubuntu1~20.04) ...
Setting up libc6-dev:amd64 (2.31-0ubuntu9.2) ...
Setting up binutils-x86-64-linux-gnu (2.34-6ubuntu1.1) ...
Setting up libstdc++-9-dev:amd64 (9.3.0-17ubuntu1~20.04) ...
Setting up binutils (2.34-6ubuntu1.1) ...
Setting up dpkg-dev (1.19.7ubuntu3) ...
Setting up libexpat1-dev:amd64 (2.2.9-1build1) ...
Setting up libpython3.8-dev:amd64 (3.8.10-0ubuntu1~20.04) ...
Setting up zlib1g-dev:amd64 (1:1.2.11.dfsg-2ubuntu1.2) ...
Setting up gcc-9 (9.3.0-17ubuntu1~20.04) ...
Setting up libpython3-dev:amd64 (3.8.2-0ubuntu2) ...
Setting up gcc (4:9.3.0-1ubuntu2) ...
Setting up g++-9 (9.3.0-17ubuntu1~20.04) ...
Setting up python3.8-dev (3.8.10-0ubuntu1~20.04) ...
Setting up g++ (4:9.3.0-1ubuntu2) ...
update-alternatives: using /usr/bin/g++ to provide /usr/bin/c++ (c++) in auto mode
Setting up build-essential (12.8ubuntu1.1) ...
Setting up python3-dev (3.8.2-0ubuntu2) ...
Processing triggers for man-db (2.9.1-1) ...
Processing triggers for libc-bin (2.31-0ubuntu9.2) ...
hello@hello-Extensa-215-51:~/Desktop/bootcamp/week4/day19/parsing_project$ pip3 freeze
apturl==0.5.2
bcrypt==3.1.7
blinker==1.4
Brlapi==0.7.0
certifi==2019.11.28
chardet==3.0.4
Click==7.0
colorama==0.4.3
command-not-found==0.3
cryptography==2.8
cupshelpers==1.0
dbus-python==1.2.16
defer==1.0.6
distro==1.4.0
distro-info===0.23ubuntu1
duplicity==0.8.12.0
entrypoints==0.3
fasteners==0.14.1
future==0.18.2
httplib2==0.14.0
idna==2.8
keyring==18.0.1
language-selector==0.1
launchpadlib==1.10.13
lazr.restfulclient==0.14.2
lazr.uri==1.0.3
lockfile==0.12.2
louis==3.12.0
macaroonbakery==1.3.1
Mako==1.1.0
MarkupSafe==1.1.0
monotonic==1.5
netifaces==0.10.4
oauthlib==3.1.0
olefile==0.46
paramiko==2.6.0
pexpect==4.6.0
Pillow==7.0.0
protobuf==3.6.1
pycairo==1.16.2
pycups==1.9.73
PyGObject==3.36.0
PyJWT==1.7.1
pymacaroons==0.13.0
PyNaCl==1.3.0
pyRFC3339==1.1
python-apt==2.0.0+ubuntu0.20.4.6
python-dateutil==2.7.3
python-debian===0.1.36ubuntu1
pytz==2019.3
pyxdg==0.26
PyYAML==5.3.1
reportlab==3.5.34
requests==2.22.0
requests-unixsocket==0.2.0
SecretStorage==2.3.1
simplejson==3.16.0
six==1.14.0
systemd-python==234
ubuntu-advantage-tools==27.2
ubuntu-drivers-common==0.0.0
ufw==0.36
unattended-upgrades==0.1
urllib3==1.25.8
usb-creator==0.3.7
wadllib==1.3.3
xkit==0.0.0
hello@hello-Extensa-215-51:~/Desktop/bootcamp/week4/day19/parsing_project$ source venv/bin/activate
(venv) hello@hello-Extensa-215-51:~/Desktop/bootcamp/week4/day19/parsing_project$ pip freeze
beautifulsoup4==4.10.0
certifi==2021.5.30
charset-normalizer==2.0.6
idna==3.2
lxml==4.6.3
requests==2.26.0
soupsieve==2.2.1
urllib3==1.26.7
(venv) hello@hello-Extensa-215-51:~/Desktop/bootcamp/week4/day19/parsing_project$ 
