hello@hello-Extensa-215-51:~/.ssh$ cd
hello@hello-Extensa-215-51:~$ cd Desktop/bootcamp
hello@hello-Extensa-215-51:~/Desktop/bootcamp$ mkdir git_practice
hello@hello-Extensa-215-51:~/Desktop/bootcamp$ ls
hello@hello-Extensa-215-51:~/Desktop/bootcamp/git_practice$ touch git_commands.py
hello@hello-Extensa-215-51:~/Desktop/bootcamp/git_practice$ nano git_commands.py 
hello@hello-Extensa-215-51:~/Desktop/bootcamp/git_practice$ git init

Command 'git' not found, but can be installed with:

sudo apt install git

hello@hello-Extensa-215-51:~/Desktop/bootcamp/git_practice$ sudo apt install git
[sudo] password for hello: 
Reading package lists... Done
Building dependency tree       
Reading state information... Done
The following package was automatically installed and is no longer required:
  libllvm11
Use 'sudo apt autoremove' to remove it.
The following additional packages will be installed:
  git-man liberror-perl
Suggested packages:
  git-daemon-run | git-daemon-sysvinit git-doc git-el git-email git-gui gitk gitweb git-cvs
  git-mediawiki git-svn
The following NEW packages will be installed:
  git git-man liberror-perl
0 upgraded, 3 newly installed, 0 to remove and 14 not upgraded.
Need to get 5 465 kB of archives.
After this operation, 38,4 MB of additional disk space will be used.
Do you want to continue? [Y/n] Y
Get:1 http://kg.archive.ubuntu.com/ubuntu focal/main amd64 liberror-perl all 0.17029-1 [26,5 kB]
Get:2 http://kg.archive.ubuntu.com/ubuntu focal-updates/main amd64 git-man all 1:2.25.1-1ubuntu3.2 [884 kB]
Get:3 http://kg.archive.ubuntu.com/ubuntu focal-updates/main amd64 git amd64 1:2.25.1-1ubuntu3.2 [4 554 kB]
Fetched 5 465 kB in 6s (889 kB/s)                                                                 
Selecting previously unselected package liberror-perl.
(Reading database ... 210696 files and directories currently installed.)
Preparing to unpack .../liberror-perl_0.17029-1_all.deb ...
Unpacking liberror-perl (0.17029-1) ...
Selecting previously unselected package git-man.
Preparing to unpack .../git-man_1%3a2.25.1-1ubuntu3.2_all.deb ...
Unpacking git-man (1:2.25.1-1ubuntu3.2) ...
Selecting previously unselected package git.
Preparing to unpack .../git_1%3a2.25.1-1ubuntu3.2_amd64.deb ...
Unpacking git (1:2.25.1-1ubuntu3.2) ...
Setting up liberror-perl (0.17029-1) ...
Setting up git-man (1:2.25.1-1ubuntu3.2) ...
Setting up git (1:2.25.1-1ubuntu3.2) ...
Processing triggers for man-db (2.9.1-1) ...
hello@hello-Extensa-215-51:~/Desktop/bootcamp/git_practice$ git init
Initialized empty Git repository in /home/hello/Desktop/bootcamp/git_practice/.git/
hello@hello-Extensa-215-51:~/Desktop/bootcamp/git_practice$ ls -a
.  ..  .git  git_commands.py
hello@hello-Extensa-215-51:~/Desktop/bootcamp/git_practice$ git status
On branch master

No commits yet

Untracked files:
  (use "git add <file>..." to include in what will be committed)
	git_commands.py

nothing added to commit but untracked files present (use "git add" to track)
hello@hello-Extensa-215-51:~/Desktop/bootcamp/git_practice$ git add
Nothing specified, nothing added.
Maybe you wanted to say 'git add .'?
hello@hello-Extensa-215-51:~/Desktop/bootcamp/git_practice$ git add git_commands.py
hello@hello-Extensa-215-51:~/Desktop/bootcamp/git_practice$ git status
On branch master

No commits yet

Changes to be committed:
  (use "git rm --cached <file>..." to unstage)
	new file:   git_commands.py

hello@hello-Extensa-215-51:~/Desktop/bootcamp/git_practice$ touch test1.py
hello@hello-Extensa-215-51:~/Desktop/bootcamp/git_practice$ touch test2.py
hello@hello-Extensa-215-51:~/Desktop/bootcamp/git_practice$ touch test3.py
hello@hello-Extensa-215-51:~/Desktop/bootcamp/git_practice$ git status
On branch master

No commits yet

Changes to be committed:
  (use "git rm --cached <file>..." to unstage)
	new file:   git_commands.py

Untracked files:
  (use "git add <file>..." to include in what will be committed)
	test1.py
	test2.py
	test3.py

hello@hello-Extensa-215-51:~/Desktop/bootcamp/git_practice$ git add .
hello@hello-Extensa-215-51:~/Desktop/bootcamp/git_practice$ git status
On branch master

No commits yet

Changes to be committed:
  (use "git rm --cached <file>..." to unstage)
	new file:   git_commands.py
	new file:   test1.py
	new file:   test2.py
	new file:   test3.py

hello@hello-Extensa-215-51:~/Desktop/bootcamp/git_practice$ git commit -m "initial commit."

*** Please tell me who you are.

Run

  git config --global user.email "you@example.com"
  git config --global user.name "Your Name"

to set your account's default identity.
Omit --global to set the identity only in this repository.

fatal: unable to auto-detect email address (got 'hello@hello-Extensa-215-51.(none)')
hello@hello-Extensa-215-51:~/Desktop/bootcamp/git_practice$ git config --global user.email "emilavazov@gmail.com"
hello@hello-Extensa-215-51:~/Desktop/bootcamp/git_practice$ git commit -m "initial commit."
[master (root-commit) f0be807] initial commit.
 4 files changed, 19 insertions(+)
 create mode 100644 git_commands.py
 create mode 100644 test1.py
 create mode 100644 test2.py
 create mode 100644 test3.py
hello@hello-Extensa-215-51:~/Desktop/bootcamp/git_practice$ git remote add origin git@github.com:EA1127/git_practice.git
hello@hello-Extensa-215-51:~/Desktop/bootcamp/git_practice$ git branch
* master
hello@hello-Extensa-215-51:~/Desktop/bootcamp/git_practice$ git branch test
hello@hello-Extensa-215-51:~/Desktop/bootcamp/git_practice$ git branch
* master
  test
hello@hello-Extensa-215-51:~/Desktop/bootcamp/git_practice$ git checkout test
Switched to branch 'test'
hello@hello-Extensa-215-51:~/Desktop/bootcamp/git_practice$ git branch
  master
* test
hello@hello-Extensa-215-51:~/Desktop/bootcamp/git_practice$ git push
fatal: The current branch test has no upstream branch.
To push the current branch and set the remote as upstream, use

    git push --set-upstream origin test

hello@hello-Extensa-215-51:~/Desktop/bootcamp/git_practice$ git push --set-upstream origin test
The authenticity of host 'github.com (140.82.121.4)' can't be established.
RSA key fingerprint is SHA256:nThbg6kXUpJWGl7E1IGOCspRomTxdCARLviKw6E5SY8.
Are you sure you want to continue connecting (yes/no/[fingerprint])? yes
Warning: Permanently added 'github.com,140.82.121.4' (RSA) to the list of known hosts.
Enumerating objects: 4, done.
Counting objects: 100% (4/4), done.
Delta compression using up to 8 threads
Compressing objects: 100% (3/3), done.
Writing objects: 100% (4/4), 1.07 KiB | 1.07 MiB/s, done.
Total 4 (delta 0), reused 0 (delta 0)
To github.com:EA1127/git_practice.git
 * [new branch]      test -> test
Branch 'test' set up to track remote branch 'test' from 'origin'.
hello@hello-Extensa-215-51:~/Desktop/bootcamp/git_practice$ git checkout master
Switched to branch 'master'
hello@hello-Extensa-215-51:~/Desktop/bootcamp/git_practice$ git branch
* master
  test
hello@hello-Extensa-215-51:~/Desktop/bootcamp/git_practice$ git status
On branch master
nothing to commit, working tree clean
hello@hello-Extensa-215-51:~/Desktop/bootcamp/git_practice$ touch test4.py
hello@hello-Extensa-215-51:~/Desktop/bootcamp/git_practice$ git status
On branch master
Untracked files:
  (use "git add <file>..." to include in what will be committed)
	test4.py

nothing added to commit but untracked files present (use "git add" to track)
hello@hello-Extensa-215-51:~/Desktop/bootcamp/git_practice$ git add .
hello@hello-Extensa-215-51:~/Desktop/bootcamp/git_practice$ git status
On branch master
Changes to be committed:
  (use "git restore --staged <file>..." to unstage)
	new file:   test4.py

hello@hello-Extensa-215-51:~/Desktop/bootcamp/git_practice$ git commit -m "Add test.py"
[master 933d73e] Add test.py
 1 file changed, 0 insertions(+), 0 deletions(-)
 create mode 100644 test4.py
hello@hello-Extensa-215-51:~/Desktop/bootcamp/git_practice$ git push
fatal: The current branch master has no upstream branch.
To push the current branch and set the remote as upstream, use

    git push --set-upstream origin master

hello@hello-Extensa-215-51:~/Desktop/bootcamp/git_practice$ git push --set-upstream origin master
Warning: Permanently added the RSA host key for IP address '140.82.121.3' to the list of known hosts.
Enumerating objects: 3, done.
Counting objects: 100% (3/3), done.
Delta compression using up to 8 threads
Compressing objects: 100% (2/2), done.
Writing objects: 100% (2/2), 225 bytes | 225.00 KiB/s, done.
Total 2 (delta 1), reused 0 (delta 0)
remote: Resolving deltas: 100% (1/1), completed with 1 local object.
remote: 
remote: Create a pull request for 'master' on GitHub by visiting:
remote:      https://github.com/EA1127/git_practice/pull/new/master
remote: 
To github.com:EA1127/git_practice.git
 * [new branch]      master -> master
Branch 'master' set up to track remote branch 'master' from 'origin'.
