hello@hello-Extensa-215-51:~$ cd Desktop/bootcamp/
hello@hello-Extensa-215-51:~/Desktop/bootcamp$ mkdir my_project
hello@hello-Extensa-215-51:~/Desktop/bootcamp$ ls
git_practice  my_project  week1  week2  week3  week4  week5  week6  week7
hello@hello-Extensa-215-51:~/Desktop/bootcamp$ cd my_project/
hello@hello-Extensa-215-51:~/Desktop/bootcamp/my_project$ ls -a
.  ..
hello@hello-Extensa-215-51:~/Desktop/bootcamp/my_project$ git init
Initialized empty Git repository in /home/hello/Desktop/bootcamp/my_project/.git/
hello@hello-Extensa-215-51:~/Desktop/bootcamp/my_project$ ls -a
.  ..  .git
hello@hello-Extensa-215-51:~/Desktop/bootcamp/my_project$ git status
On branch master

No commits yet

nothing to commit (create/copy files and use "git add" to track)
hello@hello-Extensa-215-51:~/Desktop/bootcamp/my_project$ touch my_file.py
hello@hello-Extensa-215-51:~/Desktop/bootcamp/my_project$ ls
my_file.py
hello@hello-Extensa-215-51:~/Desktop/bootcamp/my_project$ nano my_file.py 
hello@hello-Extensa-215-51:~/Desktop/bootcamp/my_project$ cat my_file.py 
print("Hello World!")

hello@hello-Extensa-215-51:~/Desktop/bootcamp/my_project$ git status
On branch master

No commits yet

Untracked files:
  (use "git add <file>..." to include in what will be committed)
	my_file.py

nothing added to commit but untracked files present (use "git add" to track)
hello@hello-Extensa-215-51:~/Desktop/bootcamp/my_project$ git add .
hello@hello-Extensa-215-51:~/Desktop/bootcamp/my_project$ git status
On branch master

No commits yet

Changes to be committed:
  (use "git rm --cached <file>..." to unstage)
	new file:   my_file.py

hello@hello-Extensa-215-51:~/Desktop/bootcamp/my_project$ git commit -m "Create new file my_file.py"
[master (root-commit) 8a1a33b] Create new file my_file.py
 1 file changed, 2 insertions(+)
 create mode 100644 my_file.py
hello@hello-Extensa-215-51:~/Desktop/bootcamp/my_project$ git status
On branch master
Untracked files:
  (use "git add <file>..." to include in what will be committed)
	my_project.txt

nothing added to commit but untracked files present (use "git add" to track)
hello@hello-Extensa-215-51:~/Desktop/bootcamp/my_project$ cd ~/.ssh
hello@hello-Extensa-215-51:~/.ssh$ ls
id_rsa  id_rsa.pub  known_hosts
hello@hello-Extensa-215-51:~/.ssh$ cat id_rsa
-----BEGIN OPENSSH PRIVATE KEY-----
b3BlbnNzaC1rZXktdjEAAAAABG5vbmUAAAAEbm9uZQAAAAAAAAABAAACFwAAAAdzc2gtcn
NhAAAAAwEAAQAAAgEAvIJml3edkbvDzrBHs5bM6O93eRIkmXOvaq1O4wkrkIVjrikBofQy
dqj+U6fdkqH4DxfgaHnqRftbctZdMvWsGSmGXsoKcaC+yorb81Xyo3KTzAwT0/bdL6eBnk
en338JUUMfRQcUMYpmcyaAhd0/NQOt7wDG6OMWlcz4feI1Yn+iDjCDakW/hvQurJvKiC61
g29tKCZhhKYSdTGVA1S5AdqmQq9s9m7kaMS8yGHIwHtFCRyUsC/9jiVJlYofwBh55iKOIr
MuFVbugEZFHDkGUgvPYrwRuT+CLCTRRkJQFs+sDL5PFk6QaYRLr636D2rAPpsJLpg3Lrs1
GRt+UC5/5SPNXsDgoshZrLuhP8EzAmC+w9M69Gpx7bgWGmYs8XhxFN6TaL8ltVG5+CbFDO
/2Wm3rLtLEoV7+KR2y1DROTQkmZp7KqIjto9NhpOHvTCDQrJ6JeZ3dliwxRLecSlfGaZL9
dPABHlfs3zfCb/pRZla/u1uJKdtbmXSTW3aOOqk6fXVhW/67k4ybDYNaN5oiF7bcoMfdYd
fDLEeKmSsVCMWccEyMpFuabSZ+GRLeKQBGEL1CUFjo4xnUZHtjydaaHFkOZXHqobqv7fXP
LTqsGF5R/b59AQuQTQ3wiCbUCkui2n1dQ2O6ZeXIi7zIJYP5xYBXxzyVp/T/TNkadIGtXG
kAAAdQX4u2f1+Ltn8AAAAHc3NoLXJzYQAAAgEAvIJml3edkbvDzrBHs5bM6O93eRIkmXOv
aq1O4wkrkIVjrikBofQydqj+U6fdkqH4DxfgaHnqRftbctZdMvWsGSmGXsoKcaC+yorb81
Xyo3KTzAwT0/bdL6eBnken338JUUMfRQcUMYpmcyaAhd0/NQOt7wDG6OMWlcz4feI1Yn+i
DjCDakW/hvQurJvKiC61g29tKCZhhKYSdTGVA1S5AdqmQq9s9m7kaMS8yGHIwHtFCRyUsC
/9jiVJlYofwBh55iKOIrMuFVbugEZFHDkGUgvPYrwRuT+CLCTRRkJQFs+sDL5PFk6QaYRL
r636D2rAPpsJLpg3Lrs1GRt+UC5/5SPNXsDgoshZrLuhP8EzAmC+w9M69Gpx7bgWGmYs8X
hxFN6TaL8ltVG5+CbFDO/2Wm3rLtLEoV7+KR2y1DROTQkmZp7KqIjto9NhpOHvTCDQrJ6J
eZ3dliwxRLecSlfGaZL9dPABHlfs3zfCb/pRZla/u1uJKdtbmXSTW3aOOqk6fXVhW/67k4
ybDYNaN5oiF7bcoMfdYdfDLEeKmSsVCMWccEyMpFuabSZ+GRLeKQBGEL1CUFjo4xnUZHtj
ydaaHFkOZXHqobqv7fXPLTqsGF5R/b59AQuQTQ3wiCbUCkui2n1dQ2O6ZeXIi7zIJYP5xY
BXxzyVp/T/TNkadIGtXGkAAAADAQABAAACAQCc/izasG+10x47oGvWkRyOUgC5//YjJklN
GpC8XALAFZbykIwfiPQOBqfom8DYQbQJPeVSnVYSekeq2AQ+UIPHYOHbR4BzKWA75nFPsq
CkpuOX5+cLfGixK1uzqhGQ/IeR+citADw9FfpEpCgdVCkzyaCtj4QYqCdDErVQgXfcVFdu
YdDQTM45YlsMvaJq0BuzHrVV3sEQbA6rM2PaplB9zs7wcpDYm3n2FwLyDx3Vz9Oqxva91P
nhzAQAWkwe+0Np+hVNqNQUSZXPlrYvzv4IjnVk0SQhl1ad1PvE+60fkkzDQCs1dLCob9lo
sgezl0AL46o9997dOGP8SP1lYZR4noghTcjPhdEC0+XCKbtHq0MJ8izM8gshkdLXqeuxXc
UyM9O8fg8/MeBDRTYKKqRtT44w2ylYV0IYaNbxU9lMxLbBzJE/fzvIdtltbavQLz81X7V+
NxXg6brjckis9zYtL34j6wr1M8XbG4x2IR67xPqpVymF/5vgKIiSiYyeqO9Li/t0Ou1fRv
/I1UFWkX/K+fgozZLRUDIXZegYG/XOT0VeUXMm/zbiACKQ4r7+d+FjHjm4kfQLRHSyd9ow
PhBYyc9Qw+2ub+/Aud/jDEBKFZYmzQIbEDeeMaU6Zjz7Orc9KASafr67p6MZ5fQdlv1yIQ
7hV8zKU1G1SLpmxEiYAQAAAQAe2tWI3Yt9TIgxg/FDbZEtrDFOgpBmIzv/iT+scDhRNNBB
H/sXVkjADrH49KFiNQLxYAb4ppNQwA+bEntOr9orMXAyGw2MekCtNzrFfAyEfsIDbLRgLq
kRg3PyLT3QRvGHa0ez6KlcWEkNG7+Pp8Jf2L0Sp9n/IWdbeIalZdG1/gQeOnEOC4UGLAFc
yvw/A4BlrNfDwEQ5C2h6ziJYcxZe+WqvOsCz4PwTQosCV3PWZRcAIZpR6sUn2QRpJCFpwW
QqZE+EHSMPi91oZx6FwIGpfiNONYO5Id9KgF5PEbRAUL6vZfmg2UV0aUWWizwkvvIDOO77
5AbBzLwqnaCnZaRaAAABAQDmgEAWL5+O46kQ833T3ZVp4BJxohwJzTMFzo/COH85z7vUTl
TRG3+hYLQyMmnIawuhzLaYeu50/e04jeE5v2mnmcp3vZzIhf5xYPTKy+rwgd+zj2Hom28y
Emjlch2WEhLDwIMg0UK9H6BDZdJwooUvGok9QAaBiLV+5F6gOZRfoZxd3lwlw/kJK3dJH5
Dt+zQG1MMD0dc5czD0s6h3OjBEC5Yv87G5cXOfhxC33B1VbjXR4GVS5yTLhsCIiIiH8ghh
Qtdoga/DRpQb0/MhyCTGm2Vd7jfLx8+Hbs53EdOv2pIgVk4MMx9IrK7oiusJ8ItrLwX6m1
jdrlgflwrBLSWpAAABAQDRXPSJz7zbUENlJWO/OuPwAl8bSPaNJTDVMU1hd6EynGUZU4EA
IIx5XIZJ+AIj96L65Ma4IR7FVGFxFsr3WzwrZ+tncdnTOdnKO4DydChiKOsNyOQcgJJU9u
QqD8MhVekttIOZWMtOlBD2sLJDBgDmjOhW+CiBRTSALVmySzr29mvuEoYErIKI1/UjAtFc
N5DsLxorZ1iy5YMs3mqm2B1bCARsoHzgHszhKtjTm276HGoIm+C5lqqCnEGGBKlDZZyPWY
K6Jmy72jd93BjtJE+lcg7Nq4wOomSt6JNNmgT3lt2Yb7qyWMre7go6ER9VRKOfcfNpzF72
dvuK2uZtjzjBAAAAFGVtaWxhdmF6b3ZAZ21haWwuY29tAQIDBAUG
-----END OPENSSH PRIVATE KEY-----
hello@hello-Extensa-215-51:~/.ssh$ cd
hello@hello-Extensa-215-51:~$ cd Desktop/bootcamp/
hello@hello-Extensa-215-51:~/Desktop/bootcamp$ cd my_project/
hello@hello-Extensa-215-51:~/Desktop/bootcamp/my_project$ git status
On branch master
Untracked files:
  (use "git add <file>..." to include in what will be committed)
	my_project.txt

nothing added to commit but untracked files present (use "git add" to track)
hello@hello-Extensa-215-51:~/Desktop/bootcamp/my_project$ git remote add origin git@github.com:EA1127/my_project_python14.git
hello@hello-Extensa-215-51:~/Desktop/bootcamp/my_project$ git config --global user.EA1127
hello@hello-Extensa-215-51:~/Desktop/bootcamp/my_project$ git cofig --list
git: 'cofig' is not a git command. See 'git --help'.

The most similar command is
	config
hello@hello-Extensa-215-51:~/Desktop/bootcamp/my_project$ git config --list
user.email=emilavazov@gmail.com
core.repositoryformatversion=0
core.filemode=true
core.bare=false
core.logallrefupdates=true
remote.origin.url=git@github.com:EA1127/my_project_python14.git
remote.origin.fetch=+refs/heads/*:refs/remotes/origin/*
hello@hello-Extensa-215-51:~/Desktop/bootcamp/my_project$ git branch
* master
hello@hello-Extensa-215-51:~/Desktop/bootcamp/my_project$ git push origin master
To github.com:EA1127/my_project_python14.git
 ! [rejected]        master -> master (fetch first)
error: failed to push some refs to 'git@github.com:EA1127/my_project_python14.git'
hint: Updates were rejected because the remote contains work that you do
hint: not have locally. This is usually caused by another repository pushing
hint: to the same ref. You may want to first integrate the remote changes
hint: (e.g., 'git pull ...') before pushing again.
hint: See the 'Note about fast-forwards' in 'git push --help' for details.
hello@hello-Extensa-215-51:~/Desktop/bootcamp/my_project$ git pull origin master
warning: no common commits
remote: Enumerating objects: 4, done.
remote: Counting objects: 100% (4/4), done.
remote: Compressing objects: 100% (3/3), done.
remote: Total 4 (delta 0), reused 0 (delta 0), pack-reused 0
Unpacking objects: 100% (4/4), 1.57 KiB | 1.57 MiB/s, done.
From github.com:EA1127/my_project_python14
 * branch            master     -> FETCH_HEAD
 * [new branch]      master     -> origin/master
fatal: refusing to merge unrelated histories
hello@hello-Extensa-215-51:~/Desktop/bootcamp/my_project$ git status
On branch master
Untracked files:
  (use "git add <file>..." to include in what will be committed)
	my_project.txt

nothing added to commit but untracked files present (use "git add" to track)
hello@hello-Extensa-215-51:~/Desktop/bootcamp/my_project$ git stash
No local changes to save
hello@hello-Extensa-215-51:~/Desktop/bootcamp/my_project$ nano my_file.py 
hello@hello-Extensa-215-51:~/Desktop/bootcamp/my_project$ git add .
hello@hello-Extensa-215-51:~/Desktop/bootcamp/my_project$ git status
On branch master
Changes to be committed:
  (use "git restore --staged <file>..." to unstage)
	modified:   my_file.py

hello@hello-Extensa-215-51:~/Desktop/bootcamp/my_project$ git pull origin master
From github.com:EA1127/my_project_python14
 * branch            master     -> FETCH_HEAD
fatal: refusing to merge unrelated histories
hello@hello-Extensa-215-51:~/Desktop/bootcamp/my_project$ git pull origin master --allow-unrelated-histories
From github.com:EA1127/my_project_python14
 * branch            master     -> FETCH_HEAD
error: Your local changes to the following files would be overwritten by merge:
  my_file.py
hello@hello-Extensa-215-51:~/Desktop/bootcamp/my_project$ git pull origin master
From github.com:EA1127/my_project_python14
 * branch            master     -> FETCH_HEAD
fatal: refusing to merge unrelated histories
hello@hello-Extensa-215-51:~/Desktop/bootcamp/my_project$ ls
my_file.py
hello@hello-Extensa-215-51:~/Desktop/bootcamp/my_project$ rm -rf my_file.py 
hello@hello-Extensa-215-51:~/Desktop/bootcamp/my_project$ ls
hello@hello-Extensa-215-51:~/Desktop/bootcamp/my_project$ git pull origin master
From github.com:EA1127/my_project_python14
 * branch            master     -> FETCH_HEAD
fatal: refusing to merge unrelated histories
hello@hello-Extensa-215-51:~/Desktop/bootcamp/my_project$ git reset --hard
HEAD is now at 8a1a33b Create new file my_file.py
hello@hello-Extensa-215-51:~/Desktop/bootcamp/my_project$ git pull origin master --allow-unrelated-histories
From github.com:EA1127/my_project_python14
 * branch            master     -> FETCH_HEAD
Merge made by the 'recursive' strategy.
 .gitignore | 129 ++++++++++++++++++++++++++++++++++++++++++++++++++++++++++++++++++++++++++++++++++++++++++++++++++++++++++++++++++
 README.md  |   1 +
 2 files changed, 130 insertions(+)
 create mode 100644 .gitignore
 create mode 100644 README.md
hello@hello-Extensa-215-51:~/Desktop/bootcamp/my_project$ ls
my_file.py  README.md
hello@hello-Extensa-215-51:~/Desktop/bootcamp/my_project$ ls -a
.  ..  .git  .gitignore  my_file.py  README.md
hello@hello-Extensa-215-51:~/Desktop/bootcamp/my_project$ git status
On branch master
nothing to commit, working tree clean
hello@hello-Extensa-215-51:~/Desktop/bootcamp/my_project$ git push origin master
Enumerating objects: 6, done.
Counting objects: 100% (6/6), done.
Delta compression using up to 8 threads
Compressing objects: 100% (3/3), done.
Writing objects: 100% (5/5), 588 bytes | 588.00 KiB/s, done.
Total 5 (delta 0), reused 0 (delta 0)
To github.com:EA1127/my_project_python14.git
   d50c61d..cef76bf  master -> master
hello@hello-Extensa-215-51:~/Desktop/bootcamp/my_project$ nano my_file.py 
hello@hello-Extensa-215-51:~/Desktop/bootcamp/my_project$ cat my_file.py 
print("Hello Python14!")

hello@hello-Extensa-215-51:~/Desktop/bootcamp/my_project$ git add .
hello@hello-Extensa-215-51:~/Desktop/bootcamp/my_project$ git commit -m "World -> Python 14"
[master 626a68b] World -> Python 14
 1 file changed, 1 insertion(+), 1 deletion(-)
hello@hello-Extensa-215-51:~/Desktop/bootcamp/my_project$ git push origin master
Enumerating objects: 5, done.
Counting objects: 100% (5/5), done.
Delta compression using up to 8 threads
Compressing objects: 100% (2/2), done.
Writing objects: 100% (3/3), 285 bytes | 285.00 KiB/s, done.
Total 3 (delta 1), reused 0 (delta 0)
remote: Resolving deltas: 100% (1/1), completed with 1 local object.
To github.com:EA1127/my_project_python14.git
   cef76bf..626a68b  master -> master
hello@hello-Extensa-215-51:~/Desktop/bootcamp/my_project$ nano my_file.py 
hello@hello-Extensa-215-51:~/Desktop/bootcamp/my_project$ cat my_file.py 
print("Hello Python14!")
print("GITHUB!")
hello@hello-Extensa-215-51:~/Desktop/bootcamp/my_project$ git add .
hello@hello-Extensa-215-51:~/Desktop/bootcamp/my_project$ git commit -m "Add new print ot my_file.py"
[master 53ae605] Add new print ot my_file.py
 1 file changed, 1 insertion(+), 1 deletion(-)
hello@hello-Extensa-215-51:~/Desktop/bootcamp/my_project$ git push origin master
To github.com:EA1127/my_project_python14.git
 ! [rejected]        master -> master (fetch first)
error: failed to push some refs to 'git@github.com:EA1127/my_project_python14.git'
hint: Updates were rejected because the remote contains work that you do
hint: not have locally. This is usually caused by another repository pushing
hint: to the same ref. You may want to first integrate the remote changes
hint: (e.g., 'git pull ...') before pushing again.
hint: See the 'Note about fast-forwards' in 'git push --help' for details.
hello@hello-Extensa-215-51:~/Desktop/bootcamp/my_project$ ls
my_file.py  README.md
hello@hello-Extensa-215-51:~/Desktop/bootcamp/my_project$ cat my_file.py 
print("Hello Python14!")
print("GITHUB!")
hello@hello-Extensa-215-51:~/Desktop/bootcamp/my_project$ git pull origin master
remote: Enumerating objects: 10, done.
remote: Counting objects: 100% (10/10), done.
remote: Compressing objects: 100% (6/6), done.
remote: Total 7 (delta 1), reused 0 (delta 0), pack-reused 0
Unpacking objects: 100% (7/7), 1.94 KiB | 992.00 KiB/s, done.
From github.com:EA1127/my_project_python14
 * branch            master     -> FETCH_HEAD
   626a68b..56886ba  master     -> origin/master
Auto-merging my_file.py
CONFLICT (content): Merge conflict in my_file.py
Automatic merge failed; fix conflicts and then commit the result.
hello@hello-Extensa-215-51:~/Desktop/bootcamp/my_project$ nano my_file.py 
hello@hello-Extensa-215-51:~/Desktop/bootcamp/my_project$ git status
On branch master
You have unmerged paths.
  (fix conflicts and run "git commit")
  (use "git merge --abort" to abort the merge)

Changes to be committed:
	modified:   README.md

Unmerged paths:
  (use "git add <file>..." to mark resolution)
	both modified:   my_file.py

hello@hello-Extensa-215-51:~/Desktop/bootcamp/my_project$ git add .
hello@hello-Extensa-215-51:~/Desktop/bootcamp/my_project$ git commit -m "fixed bugs my_file.py"
[master e72b923] fixed bugs my_file.py
hello@hello-Extensa-215-51:~/Desktop/bootcamp/my_project$ git push origin master
Enumerating objects: 10, done.
Counting objects: 100% (10/10), done.
Delta compression using up to 8 threads
Compressing objects: 100% (4/4), done.
Writing objects: 100% (6/6), 585 bytes | 585.00 KiB/s, done.
Total 6 (delta 2), reused 0 (delta 0)
remote: Resolving deltas: 100% (2/2), completed with 2 local objects.
To github.com:EA1127/my_project_python14.git
   56886ba..e72b923  master -> master
hello@hello-Extensa-215-51:~/Desktop/bootcamp/my_project$ -- help
--: command not found
hello@hello-Extensa-215-51:~/Desktop/bootcamp/my_project$ git --help
usage: git [--version] [--help] [-C <path>] [-c <name>=<value>]
           [--exec-path[=<path>]] [--html-path] [--man-path] [--info-path]
           [-p | --paginate | -P | --no-pager] [--no-replace-objects] [--bare]
           [--git-dir=<path>] [--work-tree=<path>] [--namespace=<name>]
           <command> [<args>]

These are common Git commands used in various situations:

start a working area (see also: git help tutorial)
   clone             Clone a repository into a new directory
   init              Create an empty Git repository or reinitialize an existing one

work on the current change (see also: git help everyday)
   add               Add file contents to the index
   mv                Move or rename a file, a directory, or a symlink
   restore           Restore working tree files
   rm                Remove files from the working tree and from the index
   sparse-checkout   Initialize and modify the sparse-checkout

examine the history and state (see also: git help revisions)
   bisect            Use binary search to find the commit that introduced a bug
   diff              Show changes between commits, commit and working tree, etc
   grep              Print lines matching a pattern
   log               Show commit logs
   show              Show various types of objects
   status            Show the working tree status

grow, mark and tweak your common history
   branch            List, create, or delete branches
   commit            Record changes to the repository
   merge             Join two or more development histories together
   rebase            Reapply commits on top of another base tip
   reset             Reset current HEAD to the specified state
   switch            Switch branches
   tag               Create, list, delete or verify a tag object signed with GPG

collaborate (see also: git help workflows)
   fetch             Download objects and refs from another repository
   pull              Fetch from and integrate with another repository or a local branch
   push              Update remote refs along with associated objects

'git help -a' and 'git help -g' list available subcommands and some
concept guides. See 'git help <command>' or 'git help <concept>'
to read about a specific subcommand or concept.
See 'git help git' for an overview of the system.
hello@hello-Extensa-215-51:~/Desktop/bootcamp/my_project$ git log
commit e72b923eb32d4276d9dcbd329fabede25feb25af (HEAD -> master, origin/master)
Merge: 53ae605 56886ba
Author: hello <emilavazov@gmail.com>
Date:   Tue Oct 19 15:41:08 2021 +0600

    fixed bugs my_file.py

commit 53ae60506c0462354121f759590ec1c5c379bccf
Author: hello <emilavazov@gmail.com>
Date:   Tue Oct 19 15:35:11 2021 +0600

    Add new print ot my_file.py

commit 56886bac247530b13db6ae13f84005c7c3f199d3
Author: EA1127 <90438993+EA1127@users.noreply.github.com>
Date:   Tue Oct 19 15:32:54 2021 +0600

    Update my_file.py

commit ca6bba6d1e2a5cc1625423414b3294f0a9b7229d
Merge: 626a68b 68c5570
Author: EA1127 <90438993+EA1127@users.noreply.github.com>
Date:   Tue Oct 19 15:30:25 2021 +0600

    Merge pull request #1 from EA1127/EA1127-patch-1
    
    Update README.md

commit 68c5570d50268334cfa0730644202de253c5546d
Author: EA1127 <90438993+EA1127@users.noreply.github.com>
Date:   Tue Oct 19 15:27:36 2021 +0600

    Update README.md
